[INFO] Scanning for projects...
[INFO] 
[INFO] -----------------< br.dev.ctrls.inovareti:inovare-ti >------------------
[INFO] Building inovare-ti 0.0.1-SNAPSHOT
[INFO]   from pom.xml
[INFO] --------------------------------[ jar ]---------------------------------
[INFO] 
[INFO] --- resources:3.3.1:resources (default-resources) @ inovare-ti ---
[INFO] Copying 1 resource from src\main\resources to target\classes
[INFO] Copying 9 resources from src\main\resources to target\classes
[INFO] 
[INFO] --- compiler:3.14.1:compile (default-compile) @ inovare-ti ---
[INFO] Recompiling the module because of changed source code.
[INFO] Compiling 330 source files with javac [debug parameters release 21] to target\classes
[INFO] Some messages have been simplified; recompile with -Xdiags:verbose to get full output
[INFO] -------------------------------------------------------------
[ERROR] COMPILATION ERROR : 
[INFO] -------------------------------------------------------------
[ERROR] /C:/Projeto/Inovare-TI/api/src/main/java/br/dev/ctrls/inovareti/domain/appointment/FeegowClient.java:[1155,20] method abbreviateResponseBody(java.lang.String) is already defined in class br.dev.ctrls.inovareti.domain.appointment.FeegowClient
[ERROR] /C:/Projeto/Inovare-TI/api/src/main/java/br/dev/ctrls/inovareti/config/AnalyticsController.java:[40,9] cannot find symbol
  symbol:   variable log
  location: class br.dev.ctrls.inovareti.config.AnalyticsController
[ERROR] /C:/Projeto/Inovare-TI/api/src/main/java/br/dev/ctrls/inovareti/config/AnalyticsController.java:[48,13] cannot find symbol
  symbol:   variable log
  location: class br.dev.ctrls.inovareti.config.AnalyticsController
[ERROR] /C:/Projeto/Inovare-TI/api/src/main/java/br/dev/ctrls/inovareti/config/AnalyticsController.java:[57,92] cannot find symbol
  symbol:   method getRole()
  location: variable user of type br.dev.ctrls.inovareti.domain.user.User
[ERROR] /C:/Projeto/Inovare-TI/api/src/main/java/br/dev/ctrls/inovareti/domain/analytics/usecase/GetDashboardAnalyticsUseCase.java:[49,9] cannot find symbol
  symbol:   variable log
  location: class br.dev.ctrls.inovareti.domain.analytics.usecase.GetDashboardAnalyticsUseCase
[ERROR] /C:/Projeto/Inovare-TI/api/src/main/java/br/dev/ctrls/inovareti/domain/analytics/usecase/GetDashboardAnalyticsUseCase.java:[98,45] cannot find symbol
  symbol:   method getStatus()
  location: variable ticket of type br.dev.ctrls.inovareti.domain.ticket.Ticket
[ERROR] /C:/Projeto/Inovare-TI/api/src/main/java/br/dev/ctrls/inovareti/domain/analytics/usecase/GetDashboardAnalyticsUseCase.java:[99,45] cannot find symbol
  symbol:   method getRequestedItem()
  location: variable ticket of type br.dev.ctrls.inovareti.domain.ticket.Ticket
[ERROR] /C:/Projeto/Inovare-TI/api/src/main/java/br/dev/ctrls/inovareti/domain/analytics/usecase/GetDashboardAnalyticsUseCase.java:[100,48] cannot find symbol
  symbol:   method getRequestedQuantity()
  location: variable ticket of type br.dev.ctrls.inovareti.domain.ticket.Ticket
[ERROR] /C:/Projeto/Inovare-TI/api/src/main/java/br/dev/ctrls/inovareti/domain/analytics/usecase/GetDashboardAnalyticsUseCase.java:[101,37] cannot find symbol
  symbol:   method getRequestedQuantity()
  location: variable ticket of type br.dev.ctrls.inovareti.domain.ticket.Ticket
[ERROR] /C:/Projeto/Inovare-TI/api/src/main/java/br/dev/ctrls/inovareti/domain/analytics/usecase/GetDashboardAnalyticsUseCase.java:[108,13] cannot find symbol
  symbol:   variable log
  location: class br.dev.ctrls.inovareti.domain.analytics.usecase.GetDashboardAnalyticsUseCase
[ERROR] /C:/Projeto/Inovare-TI/api/src/main/java/br/dev/ctrls/inovareti/domain/analytics/usecase/GetDashboardAnalyticsUseCase.java:[123,9] cannot find symbol
  symbol:   variable log
  location: class br.dev.ctrls.inovareti.domain.analytics.usecase.GetDashboardAnalyticsUseCase
[ERROR] /C:/Projeto/Inovare-TI/api/src/main/java/br/dev/ctrls/inovareti/domain/analytics/usecase/GetDashboardAnalyticsUseCase.java:[169,41] cannot find symbol
  symbol:   method getCategory()
  location: variable ticket of type br.dev.ctrls.inovareti.domain.ticket.Ticket
[ERROR] /C:/Projeto/Inovare-TI/api/src/main/java/br/dev/ctrls/inovareti/domain/analytics/usecase/GetDashboardAnalyticsUseCase.java:[174,57] incompatible types: java.lang.Object cannot be converted to java.lang.String
[ERROR] /C:/Projeto/Inovare-TI/api/src/main/java/br/dev/ctrls/inovareti/domain/analytics/usecase/GetDashboardAnalyticsUseCase.java:[175,25] incompatible types: inference variable T has incompatible bounds
    equality constraints: br.dev.ctrls.inovareti.domain.analytics.dto.MetricDTO
    lower bounds: java.lang.Object
[ERROR] /C:/Projeto/Inovare-TI/api/src/main/java/br/dev/ctrls/inovareti/domain/analytics/usecase/GetDashboardAnalyticsUseCase.java:[184,41] cannot find symbol
  symbol:   method getRequester()
  location: variable ticket of type br.dev.ctrls.inovareti.domain.ticket.Ticket
[ERROR] /C:/Projeto/Inovare-TI/api/src/main/java/br/dev/ctrls/inovareti/domain/analytics/usecase/GetDashboardAnalyticsUseCase.java:[191,57] incompatible types: java.lang.Object cannot be converted to java.lang.String
[ERROR] /C:/Projeto/Inovare-TI/api/src/main/java/br/dev/ctrls/inovareti/domain/analytics/usecase/GetDashboardAnalyticsUseCase.java:[192,25] incompatible types: inference variable T has incompatible bounds
    equality constraints: br.dev.ctrls.inovareti.domain.analytics.dto.MetricDTO
    lower bounds: java.lang.Object
[ERROR] /C:/Projeto/Inovare-TI/api/src/main/java/br/dev/ctrls/inovareti/domain/analytics/usecase/GetDashboardAnalyticsUseCase.java:[201,41] cannot find symbol
  symbol:   method getRequester()
  location: variable ticket of type br.dev.ctrls.inovareti.domain.ticket.Ticket
[ERROR] /C:/Projeto/Inovare-TI/api/src/main/java/br/dev/ctrls/inovareti/domain/analytics/usecase/GetDashboardAnalyticsUseCase.java:[208,57] incompatible types: java.lang.Object cannot be converted to java.lang.String
[ERROR] /C:/Projeto/Inovare-TI/api/src/main/java/br/dev/ctrls/inovareti/domain/analytics/usecase/GetDashboardAnalyticsUseCase.java:[209,25] incompatible types: inference variable T has incompatible bounds
    equality constraints: br.dev.ctrls.inovareti.domain.analytics.dto.MetricDTO
    lower bounds: java.lang.Object
[ERROR] /C:/Projeto/Inovare-TI/api/src/main/java/br/dev/ctrls/inovareti/config/GlobalExceptionHandler.java:[125,13] cannot find symbol
  symbol:   variable log
  location: class br.dev.ctrls.inovareti.config.GlobalExceptionHandler
[ERROR] /C:/Projeto/Inovare-TI/api/src/main/java/br/dev/ctrls/inovareti/config/GlobalExceptionHandler.java:[128,13] cannot find symbol
  symbol:   variable log
  location: class br.dev.ctrls.inovareti.config.GlobalExceptionHandler
[ERROR] /C:/Projeto/Inovare-TI/api/src/main/java/br/dev/ctrls/inovareti/config/GlobalExceptionHandler.java:[157,13] cannot find symbol
  symbol:   variable log
  location: class br.dev.ctrls.inovareti.config.GlobalExceptionHandler
[ERROR] /C:/Projeto/Inovare-TI/api/src/main/java/br/dev/ctrls/inovareti/config/GlobalExceptionHandler.java:[159,13] cannot find symbol
  symbol:   variable log
  location: class br.dev.ctrls.inovareti.config.GlobalExceptionHandler
[ERROR] /C:/Projeto/Inovare-TI/api/src/main/java/br/dev/ctrls/inovareti/config/GlobalExceptionHandler.java:[187,13] cannot find symbol
  symbol:   variable log
  location: class br.dev.ctrls.inovareti.config.GlobalExceptionHandler
[ERROR] /C:/Projeto/Inovare-TI/api/src/main/java/br/dev/ctrls/inovareti/config/GlobalExceptionHandler.java:[190,13] cannot find symbol
  symbol:   variable log
  location: class br.dev.ctrls.inovareti.config.GlobalExceptionHandler
[ERROR] /C:/Projeto/Inovare-TI/api/src/main/java/br/dev/ctrls/inovareti/config/GlobalExceptionHandler.java:[217,13] cannot find symbol
  symbol:   variable log
  location: class br.dev.ctrls.inovareti.config.GlobalExceptionHandler
[ERROR] /C:/Projeto/Inovare-TI/api/src/main/java/br/dev/ctrls/inovareti/config/GlobalExceptionHandler.java:[219,13] cannot find symbol
  symbol:   variable log
  location: class br.dev.ctrls.inovareti.config.GlobalExceptionHandler
[ERROR] /C:/Projeto/Inovare-TI/api/src/main/java/br/dev/ctrls/inovareti/config/GlobalExceptionHandler.java:[229,9] cannot find symbol
  symbol:   variable log
  location: class br.dev.ctrls.inovareti.config.GlobalExceptionHandler
[ERROR] /C:/Projeto/Inovare-TI/api/src/main/java/br/dev/ctrls/inovareti/config/ManualTriggerKeyFilter.java:[39,9] cannot find symbol
  symbol:   variable log
  location: class br.dev.ctrls.inovareti.config.ManualTriggerKeyFilter
[ERROR] /C:/Projeto/Inovare-TI/api/src/main/java/br/dev/ctrls/inovareti/config/ManualTriggerKeyFilter.java:[46,13] cannot find symbol
  symbol:   variable log
  location: class br.dev.ctrls.inovareti.config.ManualTriggerKeyFilter
[ERROR] /C:/Projeto/Inovare-TI/api/src/main/java/br/dev/ctrls/inovareti/config/ManualTriggerKeyFilter.java:[56,13] cannot find symbol
  symbol:   variable log
  location: class br.dev.ctrls.inovareti.config.ManualTriggerKeyFilter
[ERROR] /C:/Projeto/Inovare-TI/api/src/main/java/br/dev/ctrls/inovareti/config/ManualTriggerKeyFilter.java:[70,9] cannot find symbol
  symbol:   variable log
  location: class br.dev.ctrls.inovareti.config.ManualTriggerKeyFilter
[ERROR] /C:/Projeto/Inovare-TI/api/src/main/java/br/dev/ctrls/inovareti/config/RawBodyLoggingFilter.java:[54,9] cannot find symbol
  symbol:   variable log
  location: class br.dev.ctrls.inovareti.config.RawBodyLoggingFilter
[ERROR] /C:/Projeto/Inovare-TI/api/src/main/java/br/dev/ctrls/inovareti/config/RestTemplateConfig.java:[64,49] cannot find symbol
  symbol:   method getFeegowBaseUrl()
  location: variable appointmentMotorProperties of type br.dev.ctrls.inovareti.domain.appointment.AppointmentMotorProperties
[ERROR] /C:/Projeto/Inovare-TI/api/src/main/java/br/dev/ctrls/inovareti/config/RestTemplateConfig.java:[80,9] cannot find symbol
  symbol:   variable log
  location: class br.dev.ctrls.inovareti.config.RestTemplateConfig
[ERROR] /C:/Projeto/Inovare-TI/api/src/main/java/br/dev/ctrls/inovareti/config/RestTemplateConfig.java:[96,17] cannot find symbol
  symbol:   variable log
  location: class br.dev.ctrls.inovareti.config.RestTemplateConfig.ContaAzulPathSanitizerInterceptor
[ERROR] /C:/Projeto/Inovare-TI/api/src/main/java/br/dev/ctrls/inovareti/config/RestTemplateConfig.java:[136,17] cannot find symbol
  symbol:   variable log
  location: class br.dev.ctrls.inovareti.config.RestTemplateConfig.ContaAzulPathSanitizerInterceptor
[ERROR] /C:/Projeto/Inovare-TI/api/src/main/java/br/dev/ctrls/inovareti/domain/appointment/AppointmentMotorProperties.java:[47,66] cannot find symbol
  symbol:   method setBlipRouterKey(java.lang.String)
  location: variable bot of type br.dev.ctrls.inovareti.domain.appointment.AppointmentMotorProperties.Bot
[ERROR] /C:/Projeto/Inovare-TI/api/src/main/java/br/dev/ctrls/inovareti/domain/appointment/AppointmentMotorProperties.java:[50,80] cannot find symbol
  symbol:   method setBlipBotKey(java.lang.String)
  location: variable bot of type br.dev.ctrls.inovareti.domain.appointment.AppointmentMotorProperties.Bot
[ERROR] /C:/Projeto/Inovare-TI/api/src/main/java/br/dev/ctrls/inovareti/domain/appointment/AppointmentMotorProperties.java:[52,62] cannot find symbol
  symbol:   method setBlipDeskKey(java.lang.String)
  location: variable bot of type br.dev.ctrls.inovareti.domain.appointment.AppointmentMotorProperties.Bot
[ERROR] /C:/Projeto/Inovare-TI/api/src/main/java/br/dev/ctrls/inovareti/domain/appointment/AppointmentMotorProperties.java:[53,76] cannot find symbol
  symbol:   method setBlipRouterIdentity(java.lang.String)
  location: variable bot of type br.dev.ctrls.inovareti.domain.appointment.AppointmentMotorProperties.Bot
[ERROR] /C:/Projeto/Inovare-TI/api/src/main/java/br/dev/ctrls/inovareti/domain/appointment/AppointmentMotorProperties.java:[54,80] cannot find symbol
  symbol:   method setBlipAgendamentoBotId(java.lang.String)
  location: variable bot of type br.dev.ctrls.inovareti.domain.appointment.AppointmentMotorProperties.Bot
[ERROR] /C:/Projeto/Inovare-TI/api/src/main/java/br/dev/ctrls/inovareti/domain/appointment/AppointmentMotorProperties.java:[56,108] cannot find symbol
  symbol:   method setBlipLandingConfirmacaoItsmStateId(java.lang.String)
  location: variable state of type br.dev.ctrls.inovareti.domain.appointment.AppointmentMotorProperties.State
[ERROR] /C:/Projeto/Inovare-TI/api/src/main/java/br/dev/ctrls/inovareti/domain/appointment/AppointmentMotorProperties.java:[57,70] cannot find symbol
  symbol:   method setBlipItsmFlowId(java.lang.String)
  location: variable state of type br.dev.ctrls.inovareti.domain.appointment.AppointmentMotorProperties.State
[ERROR] /C:/Projeto/Inovare-TI/api/src/main/java/br/dev/ctrls/inovareti/domain/appointment/AppointmentMotorProperties.java:[58,76] cannot find symbol
  symbol:   method setBlipFluxov1FlowId(java.lang.String)
  location: variable state of type br.dev.ctrls.inovareti.domain.appointment.AppointmentMotorProperties.State
[ERROR] /C:/Projeto/Inovare-TI/api/src/main/java/br/dev/ctrls/inovareti/domain/appointment/AppointmentMotorProperties.java:[59,78] cannot find symbol
  symbol:   method setBlipLandingBlockId(java.lang.String)
  location: variable state of type br.dev.ctrls.inovareti.domain.appointment.AppointmentMotorProperties.State
[ERROR] /C:/Projeto/Inovare-TI/api/src/main/java/br/dev/ctrls/inovareti/domain/appointment/AppointmentMotorProperties.java:[61,87] cannot find symbol
  symbol:   method setBlipFallbackTemplates(java.lang.String)
  location: variable template of type br.dev.ctrls.inovareti.domain.appointment.AppointmentMotorProperties.Template
[ERROR] /C:/Projeto/Inovare-TI/api/src/main/java/br/dev/ctrls/inovareti/domain/appointment/AppointmentMotorProperties.java:[63,69] cannot find symbol
  symbol:   method setWebhookToken(java.lang.String)
  location: variable security of type br.dev.ctrls.inovareti.domain.appointment.AppointmentMotorProperties.Security
[ERROR] /C:/Projeto/Inovare-TI/api/src/main/java/br/dev/ctrls/inovareti/config/SecurityFilter.java:[118,41] cannot find symbol
  symbol:   method getId()
  location: variable user of type br.dev.ctrls.inovareti.domain.user.User
[ERROR] /C:/Projeto/Inovare-TI/api/src/main/java/br/dev/ctrls/inovareti/config/SecurityFilter.java:[118,64] cannot find symbol
  symbol:   method getId()
  location: variable user of type br.dev.ctrls.inovareti.domain.user.User
[ERROR] /C:/Projeto/Inovare-TI/api/src/main/java/br/dev/ctrls/inovareti/config/SecurityFilter.java:[137,37] cannot find symbol
  symbol:   method getId()
  location: variable user of type br.dev.ctrls.inovareti.domain.user.User
[ERROR] /C:/Projeto/Inovare-TI/api/src/main/java/br/dev/ctrls/inovareti/config/SecurityFilter.java:[137,60] cannot find symbol
  symbol:   method getId()
  location: variable user of type br.dev.ctrls.inovareti.domain.user.User
[ERROR] /C:/Projeto/Inovare-TI/api/src/main/java/br/dev/ctrls/inovareti/config/TokenService.java:[46,34] cannot find symbol
  symbol:   method getEmail()
  location: variable user of type br.dev.ctrls.inovareti.domain.user.User
[ERROR] /C:/Projeto/Inovare-TI/api/src/main/java/br/dev/ctrls/inovareti/config/TokenService.java:[48,42] cannot find symbol
  symbol:   method getId()
  location: variable user of type br.dev.ctrls.inovareti.domain.user.User
[ERROR] /C:/Projeto/Inovare-TI/api/src/main/java/br/dev/ctrls/inovareti/config/TokenService.java:[48,65] cannot find symbol
  symbol:   method getId()
  location: variable user of type br.dev.ctrls.inovareti.domain.user.User
[ERROR] /C:/Projeto/Inovare-TI/api/src/main/java/br/dev/ctrls/inovareti/config/TokenService.java:[49,38] cannot find symbol
  symbol:   method getId()
  location: variable user of type br.dev.ctrls.inovareti.domain.user.User
[ERROR] /C:/Projeto/Inovare-TI/api/src/main/java/br/dev/ctrls/inovareti/config/TokenService.java:[49,61] cannot find symbol
  symbol:   method getId()
  location: variable user of type br.dev.ctrls.inovareti.domain.user.User
[ERROR] /C:/Projeto/Inovare-TI/api/src/main/java/br/dev/ctrls/inovareti/config/TokenService.java:[87,34] cannot find symbol
  symbol:   method getId()
  location: variable user of type br.dev.ctrls.inovareti.domain.user.User
[ERROR] /C:/Projeto/Inovare-TI/api/src/main/java/br/dev/ctrls/inovareti/domain/admin/AdminController.java:[39,9] cannot find symbol
  symbol:   variable log
  location: class br.dev.ctrls.inovareti.domain.admin.AdminController
[ERROR] /C:/Projeto/Inovare-TI/api/src/main/java/br/dev/ctrls/inovareti/domain/admin/AdminController.java:[55,23] cannot find symbol
  symbol:   method isSuccess()
  location: variable result of type br.dev.ctrls.inovareti.domain.admin.ImportResultDTO
[ERROR] /C:/Projeto/Inovare-TI/api/src/main/java/br/dev/ctrls/inovareti/domain/admin/AdminController.java:[62,13] cannot find symbol
  symbol:   variable log
  location: class br.dev.ctrls.inovareti.domain.admin.AdminController
[ERROR] /C:/Projeto/Inovare-TI/api/src/main/java/br/dev/ctrls/inovareti/domain/admin/AdminController.java:[70,15] cannot find symbol
  symbol:   method setSuccess(boolean)
  location: variable result of type br.dev.ctrls.inovareti.domain.admin.ImportResultDTO
[ERROR] /C:/Projeto/Inovare-TI/api/src/main/java/br/dev/ctrls/inovareti/domain/admin/AdminController.java:[71,15] cannot find symbol
  symbol:   method getErrors()
  location: variable result of type br.dev.ctrls.inovareti.domain.admin.ImportResultDTO
[ERROR] /C:/Projeto/Inovare-TI/api/src/main/java/br/dev/ctrls/inovareti/domain/admin/CsvImportService.java:[53,9] cannot find symbol
  symbol:   variable log
  location: class br.dev.ctrls.inovareti.domain.admin.CsvImportService
[ERROR] /C:/Projeto/Inovare-TI/api/src/main/java/br/dev/ctrls/inovareti/domain/admin/CsvImportService.java:[72,21] cannot find symbol
  symbol:   variable log
  location: class br.dev.ctrls.inovareti.domain.admin.CsvImportService
[ERROR] /C:/Projeto/Inovare-TI/api/src/main/java/br/dev/ctrls/inovareti/domain/admin/CsvImportService.java:[80,19] cannot find symbol
  symbol:   method setErrors(java.util.List<java.lang.String>)
  location: variable result of type br.dev.ctrls.inovareti.domain.admin.ImportResultDTO
[ERROR] /C:/Projeto/Inovare-TI/api/src/main/java/br/dev/ctrls/inovareti/domain/admin/CsvImportService.java:[81,19] cannot find symbol
  symbol:   method setSuccess(boolean)
  location: variable result of type br.dev.ctrls.inovareti.domain.admin.ImportResultDTO
[ERROR] /C:/Projeto/Inovare-TI/api/src/main/java/br/dev/ctrls/inovareti/domain/admin/CsvImportService.java:[83,17] cannot find symbol
  symbol:   variable log
  location: class br.dev.ctrls.inovareti.domain.admin.CsvImportService
[ERROR] /C:/Projeto/Inovare-TI/api/src/main/java/br/dev/ctrls/inovareti/domain/admin/CsvImportService.java:[84,27] cannot find symbol
  symbol:   method getUsersCreated()
  location: variable result of type br.dev.ctrls.inovareti.domain.admin.ImportResultDTO
[ERROR] /C:/Projeto/Inovare-TI/api/src/main/java/br/dev/ctrls/inovareti/domain/admin/CsvImportService.java:[84,53] cannot find symbol
  symbol:   method getAssetsCreated()
  location: variable result of type br.dev.ctrls.inovareti.domain.admin.ImportResultDTO
[ERROR] /C:/Projeto/Inovare-TI/api/src/main/java/br/dev/ctrls/inovareti/domain/admin/CsvImportService.java:[87,13] cannot find symbol
  symbol:   variable log
  location: class br.dev.ctrls.inovareti.domain.admin.CsvImportService
[ERROR] /C:/Projeto/Inovare-TI/api/src/main/java/br/dev/ctrls/inovareti/domain/admin/CsvImportService.java:[124,25] cannot find symbol
  symbol:   variable log
  location: class br.dev.ctrls.inovareti.domain.admin.CsvImportService
[ERROR] /C:/Projeto/Inovare-TI/api/src/main/java/br/dev/ctrls/inovareti/domain/admin/CsvImportService.java:[132,17] cannot find symbol
  symbol:   variable log
  location: class br.dev.ctrls.inovareti.domain.admin.CsvImportService
[ERROR] /C:/Projeto/Inovare-TI/api/src/main/java/br/dev/ctrls/inovareti/domain/admin/CsvRowParser.java:[60,13] cannot find symbol
  symbol:   variable log
  location: class br.dev.ctrls.inovareti.domain.admin.CsvRowParser
[ERROR] /C:/Projeto/Inovare-TI/api/src/main/java/br/dev/ctrls/inovareti/domain/admin/CsvPersistenceService.java:[63,46] cannot find symbol
  symbol:   method builder()
  location: class br.dev.ctrls.inovareti.domain.user.Sector
[ERROR] /C:/Projeto/Inovare-TI/api/src/main/java/br/dev/ctrls/inovareti/domain/admin/CsvPersistenceService.java:[66,21] cannot find symbol
  symbol:   variable log
  location: class br.dev.ctrls.inovareti.domain.admin.CsvPersistenceService
[ERROR] /C:/Projeto/Inovare-TI/api/src/main/java/br/dev/ctrls/inovareti/domain/admin/CsvPersistenceService.java:[72,28] cannot find symbol
  symbol:   method builder()
  location: class br.dev.ctrls.inovareti.domain.user.User
[ERROR] /C:/Projeto/Inovare-TI/api/src/main/java/br/dev/ctrls/inovareti/domain/admin/CsvPersistenceService.java:[85,13] cannot find symbol
  symbol:   variable log
  location: class br.dev.ctrls.inovareti.domain.admin.CsvPersistenceService
[ERROR] /C:/Projeto/Inovare-TI/api/src/main/java/br/dev/ctrls/inovareti/domain/admin/CsvPersistenceService.java:[107,13] cannot find symbol
  symbol:   variable log
  location: class br.dev.ctrls.inovareti.domain.admin.CsvPersistenceService
[ERROR] /C:/Projeto/Inovare-TI/api/src/main/java/br/dev/ctrls/inovareti/domain/admin/CsvPersistenceService.java:[115,61] cannot find symbol
  symbol:   method builder()
  location: class br.dev.ctrls.inovareti.domain.asset.AssetCategory
[ERROR] /C:/Projeto/Inovare-TI/api/src/main/java/br/dev/ctrls/inovareti/domain/admin/CsvPersistenceService.java:[118,25] cannot find symbol
  symbol:   variable log
  location: class br.dev.ctrls.inovareti.domain.admin.CsvPersistenceService
[ERROR] /C:/Projeto/Inovare-TI/api/src/main/java/br/dev/ctrls/inovareti/domain/admin/CsvPersistenceService.java:[123,28] cannot find symbol
  symbol:   method builder()
  location: class br.dev.ctrls.inovareti.domain.asset.Asset
[ERROR] /C:/Projeto/Inovare-TI/api/src/main/java/br/dev/ctrls/inovareti/domain/admin/CsvPersistenceService.java:[124,29] cannot find symbol
  symbol:   method getId()
  location: variable user of type br.dev.ctrls.inovareti.domain.user.User
[ERROR] /C:/Projeto/Inovare-TI/api/src/main/java/br/dev/ctrls/inovareti/domain/admin/CsvPersistenceService.java:[135,13] cannot find symbol
  symbol:   variable log
  location: class br.dev.ctrls.inovareti.domain.admin.CsvPersistenceService
[ERROR] /C:/Projeto/Inovare-TI/api/src/main/java/br/dev/ctrls/inovareti/domain/admin/CsvPersistenceService.java:[139,9] cannot find symbol
  symbol:   variable log
  location: class br.dev.ctrls.inovareti.domain.admin.CsvPersistenceService
[ERROR] /C:/Projeto/Inovare-TI/api/src/main/java/br/dev/ctrls/inovareti/domain/admin/CsvPersistenceService.java:[146,94] cannot find symbol
  symbol:   method getName()
  location: variable user of type br.dev.ctrls.inovareti.domain.user.User
[ERROR] /C:/Projeto/Inovare-TI/api/src/main/java/br/dev/ctrls/inovareti/domain/admin/CsvPersistenceService.java:[142,56] cannot find symbol
  symbol:   method builder()
  location: class br.dev.ctrls.inovareti.domain.asset.AssetMaintenance
[ERROR] /C:/Projeto/Inovare-TI/api/src/main/java/br/dev/ctrls/inovareti/domain/admin/CsvPersistenceService.java:[151,9] cannot find symbol
  symbol:   variable log
  location: class br.dev.ctrls.inovareti.domain.admin.CsvPersistenceService
[ERROR] /C:/Projeto/Inovare-TI/api/src/main/java/br/dev/ctrls/inovareti/domain/appointment/AppointmentConfigController.java:[93,40] cannot find symbol
  symbol:   method getTemplateId()
  location: variable updated of type br.dev.ctrls.inovareti.domain.appointment.AppointmentConfig
[ERROR] /C:/Projeto/Inovare-TI/api/src/main/java/br/dev/ctrls/inovareti/domain/appointment/AppointmentConfigController.java:[94,38] cannot find symbol
  symbol:   method getTemplateId()
  location: variable updated of type br.dev.ctrls.inovareti.domain.appointment.AppointmentConfig
[ERROR] /C:/Projeto/Inovare-TI/api/src/main/java/br/dev/ctrls/inovareti/domain/appointment/service/BlipNotificationService.java:[147,42] invalid method reference
  cannot find symbol
    symbol:   method getPlaceholderIndex()
    location: class br.dev.ctrls.inovareti.domain.appointment.AppointmentTemplateMapping
[ERROR] /C:/Projeto/Inovare-TI/api/src/main/java/br/dev/ctrls/inovareti/domain/appointment/usecase/UpdateAppointmentConfigUseCase.java:[39,47] cannot find symbol
  symbol:   method builder()
  location: class br.dev.ctrls.inovareti.domain.appointment.AppointmentConfig
[ERROR] /C:/Projeto/Inovare-TI/api/src/main/java/br/dev/ctrls/inovareti/domain/appointment/usecase/UpdateAppointmentConfigUseCase.java:[45,15] cannot find symbol
  symbol:   method setTemplateId(java.lang.String)
  location: variable config of type br.dev.ctrls.inovareti.domain.appointment.AppointmentConfig
[ERROR] /C:/Projeto/Inovare-TI/api/src/main/java/br/dev/ctrls/inovareti/domain/appointment/usecase/UpdateAppointmentConfigUseCase.java:[48,9] cannot find symbol
  symbol:   variable log
  location: class br.dev.ctrls.inovareti.domain.appointment.usecase.UpdateAppointmentConfigUseCase
[ERROR] /C:/Projeto/Inovare-TI/api/src/main/java/br/dev/ctrls/inovareti/domain/appointment/usecase/UpdateAppointmentConfigUseCase.java:[55,55] cannot find symbol
  symbol:   method getNudge1WaitHours()
  location: variable appointmentMotorProperties of type br.dev.ctrls.inovareti.domain.appointment.AppointmentMotorProperties
[ERROR] /C:/Projeto/Inovare-TI/api/src/main/java/br/dev/ctrls/inovareti/domain/appointment/usecase/UpdateAppointmentConfigUseCase.java:[56,59] cannot find symbol
  symbol:   method getNudgeFinalWaitHours()
  location: variable appointmentMotorProperties of type br.dev.ctrls.inovareti.domain.appointment.AppointmentMotorProperties
[ERROR] /C:/Projeto/Inovare-TI/api/src/main/java/br/dev/ctrls/inovareti/domain/appointment/usecase/SaveAppointmentTemplateMappingsUseCase.java:[51,25] invalid method reference
  cannot find symbol
    symbol:   method getPlaceholderIndex()
    location: class br.dev.ctrls.inovareti.domain.appointment.AppointmentTemplateMapping
[ERROR] /C:/Projeto/Inovare-TI/api/src/main/java/br/dev/ctrls/inovareti/domain/appointment/usecase/SaveAppointmentTemplateMappingsUseCase.java:[62,33] cannot find symbol
  symbol:   method setTemplateName(java.lang.String)
  location: variable existing of type br.dev.ctrls.inovareti.domain.appointment.AppointmentTemplateMapping
[ERROR] /C:/Projeto/Inovare-TI/api/src/main/java/br/dev/ctrls/inovareti/domain/appointment/usecase/SaveAppointmentTemplateMappingsUseCase.java:[63,33] cannot find symbol
  symbol:   method setFeegowFieldName(java.lang.String)
  location: variable existing of type br.dev.ctrls.inovareti.domain.appointment.AppointmentTemplateMapping
[INFO] 100 errors 
[INFO] -------------------------------------------------------------
[INFO] ------------------------------------------------------------------------
[INFO] BUILD FAILURE
[INFO] ------------------------------------------------------------------------
[INFO] Total time:  16.403 s
[INFO] Finished at: 2026-05-14T10:50:04-03:00
[INFO] ------------------------------------------------------------------------
[ERROR] Failed to execute goal org.apache.maven.plugins:maven-compiler-plugin:3.14.1:compile (default-compile) on project inovare-ti: Compilation failure: Compilation failure: 
[ERROR] /C:/Projeto/Inovare-TI/api/src/main/java/br/dev/ctrls/inovareti/domain/appointment/FeegowClient.java:[1155,20] method abbreviateResponseBody(java.lang.String) is already defined in class br.dev.ctrls.inovareti.domain.appointment.FeegowClient
[ERROR] /C:/Projeto/Inovare-TI/api/src/main/java/br/dev/ctrls/inovareti/config/AnalyticsController.java:[40,9] cannot find symbol
[ERROR]   symbol:   variable log
[ERROR]   location: class br.dev.ctrls.inovareti.config.AnalyticsController
[ERROR] /C:/Projeto/Inovare-TI/api/src/main/java/br/dev/ctrls/inovareti/config/AnalyticsController.java:[48,13] cannot find symbol
[ERROR]   symbol:   variable log
[ERROR]   location: class br.dev.ctrls.inovareti.config.AnalyticsController
[ERROR] /C:/Projeto/Inovare-TI/api/src/main/java/br/dev/ctrls/inovareti/config/AnalyticsController.java:[57,92] cannot find symbol
[ERROR]   symbol:   method getRole()
[ERROR]   location: variable user of type br.dev.ctrls.inovareti.domain.user.User
[ERROR] /C:/Projeto/Inovare-TI/api/src/main/java/br/dev/ctrls/inovareti/domain/analytics/usecase/GetDashboardAnalyticsUseCase.java:[49,9] cannot find symbol
[ERROR]   symbol:   variable log
[ERROR]   location: class br.dev.ctrls.inovareti.domain.analytics.usecase.GetDashboardAnalyticsUseCase
[ERROR] /C:/Projeto/Inovare-TI/api/src/main/java/br/dev/ctrls/inovareti/domain/analytics/usecase/GetDashboardAnalyticsUseCase.java:[98,45] cannot find symbol
[ERROR]   symbol:   method getStatus()
[ERROR]   location: variable ticket of type br.dev.ctrls.inovareti.domain.ticket.Ticket
[ERROR] /C:/Projeto/Inovare-TI/api/src/main/java/br/dev/ctrls/inovareti/domain/analytics/usecase/GetDashboardAnalyticsUseCase.java:[99,45] cannot find symbol
[ERROR]   symbol:   method getRequestedItem()
[ERROR]   location: variable ticket of type br.dev.ctrls.inovareti.domain.ticket.Ticket
[ERROR] /C:/Projeto/Inovare-TI/api/src/main/java/br/dev/ctrls/inovareti/domain/analytics/usecase/GetDashboardAnalyticsUseCase.java:[100,48] cannot find symbol
[ERROR]   symbol:   method getRequestedQuantity()
[ERROR]   location: variable ticket of type br.dev.ctrls.inovareti.domain.ticket.Ticket
[ERROR] /C:/Projeto/Inovare-TI/api/src/main/java/br/dev/ctrls/inovareti/domain/analytics/usecase/GetDashboardAnalyticsUseCase.java:[101,37] cannot find symbol
[ERROR]   symbol:   method getRequestedQuantity()
[ERROR]   location: variable ticket of type br.dev.ctrls.inovareti.domain.ticket.Ticket
[ERROR] /C:/Projeto/Inovare-TI/api/src/main/java/br/dev/ctrls/inovareti/domain/analytics/usecase/GetDashboardAnalyticsUseCase.java:[108,13] cannot find symbol
[ERROR]   symbol:   variable log
[ERROR]   location: class br.dev.ctrls.inovareti.domain.analytics.usecase.GetDashboardAnalyticsUseCase
[ERROR] /C:/Projeto/Inovare-TI/api/src/main/java/br/dev/ctrls/inovareti/domain/analytics/usecase/GetDashboardAnalyticsUseCase.java:[123,9] cannot find symbol
[ERROR]   symbol:   variable log
[ERROR]   location: class br.dev.ctrls.inovareti.domain.analytics.usecase.GetDashboardAnalyticsUseCase
[ERROR] /C:/Projeto/Inovare-TI/api/src/main/java/br/dev/ctrls/inovareti/domain/analytics/usecase/GetDashboardAnalyticsUseCase.java:[169,41] cannot find symbol
[ERROR]   symbol:   method getCategory()
[ERROR]   location: variable ticket of type br.dev.ctrls.inovareti.domain.ticket.Ticket
[ERROR] /C:/Projeto/Inovare-TI/api/src/main/java/br/dev/ctrls/inovareti/domain/analytics/usecase/GetDashboardAnalyticsUseCase.java:[174,57] incompatible types: java.lang.Object cannot be converted to java.lang.String
[ERROR] /C:/Projeto/Inovare-TI/api/src/main/java/br/dev/ctrls/inovareti/domain/analytics/usecase/GetDashboardAnalyticsUseCase.java:[175,25] incompatible types: inference variable T has incompatible bounds
[ERROR]     equality constraints: br.dev.ctrls.inovareti.domain.analytics.dto.MetricDTO
[ERROR]     lower bounds: java.lang.Object
[ERROR] /C:/Projeto/Inovare-TI/api/src/main/java/br/dev/ctrls/inovareti/domain/analytics/usecase/GetDashboardAnalyticsUseCase.java:[184,41] cannot find symbol
[ERROR]   symbol:   method getRequester()
[ERROR]   location: variable ticket of type br.dev.ctrls.inovareti.domain.ticket.Ticket
[ERROR] /C:/Projeto/Inovare-TI/api/src/main/java/br/dev/ctrls/inovareti/domain/analytics/usecase/GetDashboardAnalyticsUseCase.java:[191,57] incompatible types: java.lang.Object cannot be converted to java.lang.String
[ERROR] /C:/Projeto/Inovare-TI/api/src/main/java/br/dev/ctrls/inovareti/domain/analytics/usecase/GetDashboardAnalyticsUseCase.java:[192,25] incompatible types: inference variable T has incompatible bounds
[ERROR]     equality constraints: br.dev.ctrls.inovareti.domain.analytics.dto.MetricDTO
[ERROR]     lower bounds: java.lang.Object
[ERROR] /C:/Projeto/Inovare-TI/api/src/main/java/br/dev/ctrls/inovareti/domain/analytics/usecase/GetDashboardAnalyticsUseCase.java:[201,41] cannot find symbol
[ERROR]   symbol:   method getRequester()
[ERROR]   location: variable ticket of type br.dev.ctrls.inovareti.domain.ticket.Ticket
[ERROR] /C:/Projeto/Inovare-TI/api/src/main/java/br/dev/ctrls/inovareti/domain/analytics/usecase/GetDashboardAnalyticsUseCase.java:[208,57] incompatible types: java.lang.Object cannot be converted to java.lang.String
[ERROR] /C:/Projeto/Inovare-TI/api/src/main/java/br/dev/ctrls/inovareti/domain/analytics/usecase/GetDashboardAnalyticsUseCase.java:[209,25] incompatible types: inference variable T has incompatible bounds
[ERROR]     equality constraints: br.dev.ctrls.inovareti.domain.analytics.dto.MetricDTO
[ERROR]     lower bounds: java.lang.Object
[ERROR] /C:/Projeto/Inovare-TI/api/src/main/java/br/dev/ctrls/inovareti/config/GlobalExceptionHandler.java:[125,13] cannot find symbol
[ERROR]   symbol:   variable log
[ERROR]   location: class br.dev.ctrls.inovareti.config.GlobalExceptionHandler
[ERROR] /C:/Projeto/Inovare-TI/api/src/main/java/br/dev/ctrls/inovareti/config/GlobalExceptionHandler.java:[128,13] cannot find symbol
[ERROR]   symbol:   variable log
[ERROR]   location: class br.dev.ctrls.inovareti.config.GlobalExceptionHandler
[ERROR] /C:/Projeto/Inovare-TI/api/src/main/java/br/dev/ctrls/inovareti/config/GlobalExceptionHandler.java:[157,13] cannot find symbol
[ERROR]   symbol:   variable log
[ERROR]   location: class br.dev.ctrls.inovareti.config.GlobalExceptionHandler
[ERROR] /C:/Projeto/Inovare-TI/api/src/main/java/br/dev/ctrls/inovareti/config/GlobalExceptionHandler.java:[159,13] cannot find symbol
[ERROR]   symbol:   variable log
[ERROR]   location: class br.dev.ctrls.inovareti.config.GlobalExceptionHandler
[ERROR] /C:/Projeto/Inovare-TI/api/src/main/java/br/dev/ctrls/inovareti/config/GlobalExceptionHandler.java:[187,13] cannot find symbol
[ERROR]   symbol:   variable log
[ERROR]   location: class br.dev.ctrls.inovareti.config.GlobalExceptionHandler
[ERROR] /C:/Projeto/Inovare-TI/api/src/main/java/br/dev/ctrls/inovareti/config/GlobalExceptionHandler.java:[190,13] cannot find symbol
[ERROR]   symbol:   variable log
[ERROR]   location: class br.dev.ctrls.inovareti.config.GlobalExceptionHandler
[ERROR] /C:/Projeto/Inovare-TI/api/src/main/java/br/dev/ctrls/inovareti/config/GlobalExceptionHandler.java:[217,13] cannot find symbol
[ERROR]   symbol:   variable log
[ERROR]   location: class br.dev.ctrls.inovareti.config.GlobalExceptionHandler
[ERROR] /C:/Projeto/Inovare-TI/api/src/main/java/br/dev/ctrls/inovareti/config/GlobalExceptionHandler.java:[219,13] cannot find symbol
[ERROR]   symbol:   variable log
[ERROR]   location: class br.dev.ctrls.inovareti.config.GlobalExceptionHandler
[ERROR] /C:/Projeto/Inovare-TI/api/src/main/java/br/dev/ctrls/inovareti/config/GlobalExceptionHandler.java:[229,9] cannot find symbol
[ERROR]   symbol:   variable log
[ERROR]   location: class br.dev.ctrls.inovareti.config.GlobalExceptionHandler
[ERROR] /C:/Projeto/Inovare-TI/api/src/main/java/br/dev/ctrls/inovareti/config/ManualTriggerKeyFilter.java:[39,9] cannot find symbol
[ERROR]   symbol:   variable log
[ERROR]   location: class br.dev.ctrls.inovareti.config.ManualTriggerKeyFilter
[ERROR] /C:/Projeto/Inovare-TI/api/src/main/java/br/dev/ctrls/inovareti/config/ManualTriggerKeyFilter.java:[46,13] cannot find symbol
[ERROR]   symbol:   variable log
[ERROR]   location: class br.dev.ctrls.inovareti.config.ManualTriggerKeyFilter
[ERROR] /C:/Projeto/Inovare-TI/api/src/main/java/br/dev/ctrls/inovareti/config/ManualTriggerKeyFilter.java:[56,13] cannot find symbol
[ERROR]   symbol:   variable log
[ERROR]   location: class br.dev.ctrls.inovareti.config.ManualTriggerKeyFilter
[ERROR] /C:/Projeto/Inovare-TI/api/src/main/java/br/dev/ctrls/inovareti/config/ManualTriggerKeyFilter.java:[70,9] cannot find symbol
[ERROR]   symbol:   variable log
[ERROR]   location: class br.dev.ctrls.inovareti.config.ManualTriggerKeyFilter
[ERROR] /C:/Projeto/Inovare-TI/api/src/main/java/br/dev/ctrls/inovareti/config/RawBodyLoggingFilter.java:[54,9] cannot find symbol
[ERROR]   symbol:   variable log
[ERROR]   location: class br.dev.ctrls.inovareti.config.RawBodyLoggingFilter
[ERROR] /C:/Projeto/Inovare-TI/api/src/main/java/br/dev/ctrls/inovareti/config/RestTemplateConfig.java:[64,49] cannot find symbol
[ERROR]   symbol:   method getFeegowBaseUrl()
[ERROR]   location: variable appointmentMotorProperties of type br.dev.ctrls.inovareti.domain.appointment.AppointmentMotorProperties
[ERROR] /C:/Projeto/Inovare-TI/api/src/main/java/br/dev/ctrls/inovareti/config/RestTemplateConfig.java:[80,9] cannot find symbol
[ERROR]   symbol:   variable log
[ERROR]   location: class br.dev.ctrls.inovareti.config.RestTemplateConfig
[ERROR] /C:/Projeto/Inovare-TI/api/src/main/java/br/dev/ctrls/inovareti/config/RestTemplateConfig.java:[96,17] cannot find symbol
[ERROR]   symbol:   variable log
[ERROR]   location: class br.dev.ctrls.inovareti.config.RestTemplateConfig.ContaAzulPathSanitizerInterceptor
[ERROR] /C:/Projeto/Inovare-TI/api/src/main/java/br/dev/ctrls/inovareti/config/RestTemplateConfig.java:[136,17] cannot find symbol
[ERROR]   symbol:   variable log
[ERROR]   location: class br.dev.ctrls.inovareti.config.RestTemplateConfig.ContaAzulPathSanitizerInterceptor
[ERROR] /C:/Projeto/Inovare-TI/api/src/main/java/br/dev/ctrls/inovareti/domain/appointment/AppointmentMotorProperties.java:[47,66] cannot find symbol
[ERROR]   symbol:   method setBlipRouterKey(java.lang.String)
[ERROR]   location: variable bot of type br.dev.ctrls.inovareti.domain.appointment.AppointmentMotorProperties.Bot
[ERROR] /C:/Projeto/Inovare-TI/api/src/main/java/br/dev/ctrls/inovareti/domain/appointment/AppointmentMotorProperties.java:[50,80] cannot find symbol
[ERROR]   symbol:   method setBlipBotKey(java.lang.String)
[ERROR]   location: variable bot of type br.dev.ctrls.inovareti.domain.appointment.AppointmentMotorProperties.Bot
[ERROR] /C:/Projeto/Inovare-TI/api/src/main/java/br/dev/ctrls/inovareti/domain/appointment/AppointmentMotorProperties.java:[52,62] cannot find symbol
[ERROR]   symbol:   method setBlipDeskKey(java.lang.String)
[ERROR]   location: variable bot of type br.dev.ctrls.inovareti.domain.appointment.AppointmentMotorProperties.Bot
[ERROR] /C:/Projeto/Inovare-TI/api/src/main/java/br/dev/ctrls/inovareti/domain/appointment/AppointmentMotorProperties.java:[53,76] cannot find symbol
[ERROR]   symbol:   method setBlipRouterIdentity(java.lang.String)
[ERROR]   location: variable bot of type br.dev.ctrls.inovareti.domain.appointment.AppointmentMotorProperties.Bot
[ERROR] /C:/Projeto/Inovare-TI/api/src/main/java/br/dev/ctrls/inovareti/domain/appointment/AppointmentMotorProperties.java:[54,80] cannot find symbol
[ERROR]   symbol:   method setBlipAgendamentoBotId(java.lang.String)
[ERROR]   location: variable bot of type br.dev.ctrls.inovareti.domain.appointment.AppointmentMotorProperties.Bot
[ERROR] /C:/Projeto/Inovare-TI/api/src/main/java/br/dev/ctrls/inovareti/domain/appointment/AppointmentMotorProperties.java:[56,108] cannot find symbol
[ERROR]   symbol:   method setBlipLandingConfirmacaoItsmStateId(java.lang.String)
[ERROR]   location: variable state of type br.dev.ctrls.inovareti.domain.appointment.AppointmentMotorProperties.State
[ERROR] /C:/Projeto/Inovare-TI/api/src/main/java/br/dev/ctrls/inovareti/domain/appointment/AppointmentMotorProperties.java:[57,70] cannot find symbol
[ERROR]   symbol:   method setBlipItsmFlowId(java.lang.String)
[ERROR]   location: variable state of type br.dev.ctrls.inovareti.domain.appointment.AppointmentMotorProperties.State
[ERROR] /C:/Projeto/Inovare-TI/api/src/main/java/br/dev/ctrls/inovareti/domain/appointment/AppointmentMotorProperties.java:[58,76] cannot find symbol
[ERROR]   symbol:   method setBlipFluxov1FlowId(java.lang.String)
[ERROR]   location: variable state of type br.dev.ctrls.inovareti.domain.appointment.AppointmentMotorProperties.State
[ERROR] /C:/Projeto/Inovare-TI/api/src/main/java/br/dev/ctrls/inovareti/domain/appointment/AppointmentMotorProperties.java:[59,78] cannot find symbol
[ERROR]   symbol:   method setBlipLandingBlockId(java.lang.String)
[ERROR]   location: variable state of type br.dev.ctrls.inovareti.domain.appointment.AppointmentMotorProperties.State
[ERROR] /C:/Projeto/Inovare-TI/api/src/main/java/br/dev/ctrls/inovareti/domain/appointment/AppointmentMotorProperties.java:[61,87] cannot find symbol
[ERROR]   symbol:   method setBlipFallbackTemplates(java.lang.String)
[ERROR]   location: variable template of type br.dev.ctrls.inovareti.domain.appointment.AppointmentMotorProperties.Template
[ERROR] /C:/Projeto/Inovare-TI/api/src/main/java/br/dev/ctrls/inovareti/domain/appointment/AppointmentMotorProperties.java:[63,69] cannot find symbol
[ERROR]   symbol:   method setWebhookToken(java.lang.String)
[ERROR]   location: variable security of type br.dev.ctrls.inovareti.domain.appointment.AppointmentMotorProperties.Security
[ERROR] /C:/Projeto/Inovare-TI/api/src/main/java/br/dev/ctrls/inovareti/config/SecurityFilter.java:[118,41] cannot find symbol
[ERROR]   symbol:   method getId()
[ERROR]   location: variable user of type br.dev.ctrls.inovareti.domain.user.User
[ERROR] /C:/Projeto/Inovare-TI/api/src/main/java/br/dev/ctrls/inovareti/config/SecurityFilter.java:[118,64] cannot find symbol
[ERROR]   symbol:   method getId()
[ERROR]   location: variable user of type br.dev.ctrls.inovareti.domain.user.User
[ERROR] /C:/Projeto/Inovare-TI/api/src/main/java/br/dev/ctrls/inovareti/config/SecurityFilter.java:[137,37] cannot find symbol
[ERROR]   symbol:   method getId()
[ERROR]   location: variable user of type br.dev.ctrls.inovareti.domain.user.User
[ERROR] /C:/Projeto/Inovare-TI/api/src/main/java/br/dev/ctrls/inovareti/config/SecurityFilter.java:[137,60] cannot find symbol
[ERROR]   symbol:   method getId()
[ERROR]   location: variable user of type br.dev.ctrls.inovareti.domain.user.User
[ERROR] /C:/Projeto/Inovare-TI/api/src/main/java/br/dev/ctrls/inovareti/config/TokenService.java:[46,34] cannot find symbol
[ERROR]   symbol:   method getEmail()
[ERROR]   location: variable user of type br.dev.ctrls.inovareti.domain.user.User
[ERROR] /C:/Projeto/Inovare-TI/api/src/main/java/br/dev/ctrls/inovareti/config/TokenService.java:[48,42] cannot find symbol
[ERROR]   symbol:   method getId()
[ERROR]   location: variable user of type br.dev.ctrls.inovareti.domain.user.User
[ERROR] /C:/Projeto/Inovare-TI/api/src/main/java/br/dev/ctrls/inovareti/config/TokenService.java:[48,65] cannot find symbol
[ERROR]   symbol:   method getId()
[ERROR]   location: variable user of type br.dev.ctrls.inovareti.domain.user.User
[ERROR] /C:/Projeto/Inovare-TI/api/src/main/java/br/dev/ctrls/inovareti/config/TokenService.java:[49,38] cannot find symbol
[ERROR]   symbol:   method getId()
[ERROR]   location: variable user of type br.dev.ctrls.inovareti.domain.user.User
[ERROR] /C:/Projeto/Inovare-TI/api/src/main/java/br/dev/ctrls/inovareti/config/TokenService.java:[49,61] cannot find symbol
[ERROR]   symbol:   method getId()
[ERROR]   location: variable user of type br.dev.ctrls.inovareti.domain.user.User
[ERROR] /C:/Projeto/Inovare-TI/api/src/main/java/br/dev/ctrls/inovareti/config/TokenService.java:[87,34] cannot find symbol
[ERROR]   symbol:   method getId()
[ERROR]   location: variable user of type br.dev.ctrls.inovareti.domain.user.User
[ERROR] /C:/Projeto/Inovare-TI/api/src/main/java/br/dev/ctrls/inovareti/domain/admin/AdminController.java:[39,9] cannot find symbol
[ERROR]   symbol:   variable log
[ERROR]   location: class br.dev.ctrls.inovareti.domain.admin.AdminController
[ERROR] /C:/Projeto/Inovare-TI/api/src/main/java/br/dev/ctrls/inovareti/domain/admin/AdminController.java:[55,23] cannot find symbol
[ERROR]   symbol:   method isSuccess()
[ERROR]   location: variable result of type br.dev.ctrls.inovareti.domain.admin.ImportResultDTO
[ERROR] /C:/Projeto/Inovare-TI/api/src/main/java/br/dev/ctrls/inovareti/domain/admin/AdminController.java:[62,13] cannot find symbol
[ERROR]   symbol:   variable log
[ERROR]   location: class br.dev.ctrls.inovareti.domain.admin.AdminController
[ERROR] /C:/Projeto/Inovare-TI/api/src/main/java/br/dev/ctrls/inovareti/domain/admin/AdminController.java:[70,15] cannot find symbol
[ERROR]   symbol:   method setSuccess(boolean)
[ERROR]   location: variable result of type br.dev.ctrls.inovareti.domain.admin.ImportResultDTO
[ERROR] /C:/Projeto/Inovare-TI/api/src/main/java/br/dev/ctrls/inovareti/domain/admin/AdminController.java:[71,15] cannot find symbol
[ERROR]   symbol:   method getErrors()
[ERROR]   location: variable result of type br.dev.ctrls.inovareti.domain.admin.ImportResultDTO
[ERROR] /C:/Projeto/Inovare-TI/api/src/main/java/br/dev/ctrls/inovareti/domain/admin/CsvImportService.java:[53,9] cannot find symbol
[ERROR]   symbol:   variable log
[ERROR]   location: class br.dev.ctrls.inovareti.domain.admin.CsvImportService
[ERROR] /C:/Projeto/Inovare-TI/api/src/main/java/br/dev/ctrls/inovareti/domain/admin/CsvImportService.java:[72,21] cannot find symbol
[ERROR]   symbol:   variable log
[ERROR]   location: class br.dev.ctrls.inovareti.domain.admin.CsvImportService
[ERROR] /C:/Projeto/Inovare-TI/api/src/main/java/br/dev/ctrls/inovareti/domain/admin/CsvImportService.java:[80,19] cannot find symbol
[ERROR]   symbol:   method setErrors(java.util.List<java.lang.String>)
[ERROR]   location: variable result of type br.dev.ctrls.inovareti.domain.admin.ImportResultDTO
[ERROR] /C:/Projeto/Inovare-TI/api/src/main/java/br/dev/ctrls/inovareti/domain/admin/CsvImportService.java:[81,19] cannot find symbol
[ERROR]   symbol:   method setSuccess(boolean)
[ERROR]   location: variable result of type br.dev.ctrls.inovareti.domain.admin.ImportResultDTO
[ERROR] /C:/Projeto/Inovare-TI/api/src/main/java/br/dev/ctrls/inovareti/domain/admin/CsvImportService.java:[83,17] cannot find symbol
[ERROR]   symbol:   variable log
[ERROR]   location: class br.dev.ctrls.inovareti.domain.admin.CsvImportService
[ERROR] /C:/Projeto/Inovare-TI/api/src/main/java/br/dev/ctrls/inovareti/domain/admin/CsvImportService.java:[84,27] cannot find symbol
[ERROR]   symbol:   method getUsersCreated()
[ERROR]   location: variable result of type br.dev.ctrls.inovareti.domain.admin.ImportResultDTO
[ERROR] /C:/Projeto/Inovare-TI/api/src/main/java/br/dev/ctrls/inovareti/domain/admin/CsvImportService.java:[84,53] cannot find symbol
[ERROR]   symbol:   method getAssetsCreated()
[ERROR]   location: variable result of type br.dev.ctrls.inovareti.domain.admin.ImportResultDTO
[ERROR] /C:/Projeto/Inovare-TI/api/src/main/java/br/dev/ctrls/inovareti/domain/admin/CsvImportService.java:[87,13] cannot find symbol
[ERROR]   symbol:   variable log
[ERROR]   location: class br.dev.ctrls.inovareti.domain.admin.CsvImportService
[ERROR] /C:/Projeto/Inovare-TI/api/src/main/java/br/dev/ctrls/inovareti/domain/admin/CsvImportService.java:[124,25] cannot find symbol
[ERROR]   symbol:   variable log
[ERROR]   location: class br.dev.ctrls.inovareti.domain.admin.CsvImportService
[ERROR] /C:/Projeto/Inovare-TI/api/src/main/java/br/dev/ctrls/inovareti/domain/admin/CsvImportService.java:[132,17] cannot find symbol
[ERROR]   symbol:   variable log
[ERROR]   location: class br.dev.ctrls.inovareti.domain.admin.CsvImportService
[ERROR] /C:/Projeto/Inovare-TI/api/src/main/java/br/dev/ctrls/inovareti/domain/admin/CsvRowParser.java:[60,13] cannot find symbol
[ERROR]   symbol:   variable log
[ERROR]   location: class br.dev.ctrls.inovareti.domain.admin.CsvRowParser
[ERROR] /C:/Projeto/Inovare-TI/api/src/main/java/br/dev/ctrls/inovareti/domain/admin/CsvPersistenceService.java:[63,46] cannot find symbol
[ERROR]   symbol:   method builder()
[ERROR]   location: class br.dev.ctrls.inovareti.domain.user.Sector
[ERROR] /C:/Projeto/Inovare-TI/api/src/main/java/br/dev/ctrls/inovareti/domain/admin/CsvPersistenceService.java:[66,21] cannot find symbol
[ERROR]   symbol:   variable log
[ERROR]   location: class br.dev.ctrls.inovareti.domain.admin.CsvPersistenceService
[ERROR] /C:/Projeto/Inovare-TI/api/src/main/java/br/dev/ctrls/inovareti/domain/admin/CsvPersistenceService.java:[72,28] cannot find symbol
[ERROR]   symbol:   method builder()
[ERROR]   location: class br.dev.ctrls.inovareti.domain.user.User
[ERROR] /C:/Projeto/Inovare-TI/api/src/main/java/br/dev/ctrls/inovareti/domain/admin/CsvPersistenceService.java:[85,13] cannot find symbol
[ERROR]   symbol:   variable log
[ERROR]   location: class br.dev.ctrls.inovareti.domain.admin.CsvPersistenceService
[ERROR] /C:/Projeto/Inovare-TI/api/src/main/java/br/dev/ctrls/inovareti/domain/admin/CsvPersistenceService.java:[107,13] cannot find symbol
[ERROR]   symbol:   variable log
[ERROR]   location: class br.dev.ctrls.inovareti.domain.admin.CsvPersistenceService
[ERROR] /C:/Projeto/Inovare-TI/api/src/main/java/br/dev/ctrls/inovareti/domain/admin/CsvPersistenceService.java:[115,61] cannot find symbol
[ERROR]   symbol:   method builder()
[ERROR]   location: class br.dev.ctrls.inovareti.domain.asset.AssetCategory
[ERROR] /C:/Projeto/Inovare-TI/api/src/main/java/br/dev/ctrls/inovareti/domain/admin/CsvPersistenceService.java:[118,25] cannot find symbol
[ERROR]   symbol:   variable log
[ERROR]   location: class br.dev.ctrls.inovareti.domain.admin.CsvPersistenceService
[ERROR] /C:/Projeto/Inovare-TI/api/src/main/java/br/dev/ctrls/inovareti/domain/admin/CsvPersistenceService.java:[123,28] cannot find symbol
[ERROR]   symbol:   method builder()
[ERROR]   location: class br.dev.ctrls.inovareti.domain.asset.Asset
[ERROR] /C:/Projeto/Inovare-TI/api/src/main/java/br/dev/ctrls/inovareti/domain/admin/CsvPersistenceService.java:[124,29] cannot find symbol
[ERROR]   symbol:   method getId()
[ERROR]   location: variable user of type br.dev.ctrls.inovareti.domain.user.User
[ERROR] /C:/Projeto/Inovare-TI/api/src/main/java/br/dev/ctrls/inovareti/domain/admin/CsvPersistenceService.java:[135,13] cannot find symbol
[ERROR]   symbol:   variable log
[ERROR]   location: class br.dev.ctrls.inovareti.domain.admin.CsvPersistenceService
[ERROR] /C:/Projeto/Inovare-TI/api/src/main/java/br/dev/ctrls/inovareti/domain/admin/CsvPersistenceService.java:[139,9] cannot find symbol
[ERROR]   symbol:   variable log
[ERROR]   location: class br.dev.ctrls.inovareti.domain.admin.CsvPersistenceService
[ERROR] /C:/Projeto/Inovare-TI/api/src/main/java/br/dev/ctrls/inovareti/domain/admin/CsvPersistenceService.java:[146,94] cannot find symbol
[ERROR]   symbol:   method getName()
[ERROR]   location: variable user of type br.dev.ctrls.inovareti.domain.user.User
[ERROR] /C:/Projeto/Inovare-TI/api/src/main/java/br/dev/ctrls/inovareti/domain/admin/CsvPersistenceService.java:[142,56] cannot find symbol
[ERROR]   symbol:   method builder()
[ERROR]   location: class br.dev.ctrls.inovareti.domain.asset.AssetMaintenance
[ERROR] /C:/Projeto/Inovare-TI/api/src/main/java/br/dev/ctrls/inovareti/domain/admin/CsvPersistenceService.java:[151,9] cannot find symbol
[ERROR]   symbol:   variable log
[ERROR]   location: class br.dev.ctrls.inovareti.domain.admin.CsvPersistenceService
[ERROR] /C:/Projeto/Inovare-TI/api/src/main/java/br/dev/ctrls/inovareti/domain/appointment/AppointmentConfigController.java:[93,40] cannot find symbol
[ERROR]   symbol:   method getTemplateId()
[ERROR]   location: variable updated of type br.dev.ctrls.inovareti.domain.appointment.AppointmentConfig
[ERROR] /C:/Projeto/Inovare-TI/api/src/main/java/br/dev/ctrls/inovareti/domain/appointment/AppointmentConfigController.java:[94,38] cannot find symbol
[ERROR]   symbol:   method getTemplateId()
[ERROR]   location: variable updated of type br.dev.ctrls.inovareti.domain.appointment.AppointmentConfig
[ERROR] /C:/Projeto/Inovare-TI/api/src/main/java/br/dev/ctrls/inovareti/domain/appointment/service/BlipNotificationService.java:[147,42] invalid method reference
[ERROR]   cannot find symbol
[ERROR]     symbol:   method getPlaceholderIndex()
[ERROR]     location: class br.dev.ctrls.inovareti.domain.appointment.AppointmentTemplateMapping
[ERROR] /C:/Projeto/Inovare-TI/api/src/main/java/br/dev/ctrls/inovareti/domain/appointment/usecase/UpdateAppointmentConfigUseCase.java:[39,47] cannot find symbol
[ERROR]   symbol:   method builder()
[ERROR]   location: class br.dev.ctrls.inovareti.domain.appointment.AppointmentConfig
[ERROR] /C:/Projeto/Inovare-TI/api/src/main/java/br/dev/ctrls/inovareti/domain/appointment/usecase/UpdateAppointmentConfigUseCase.java:[45,15] cannot find symbol
[ERROR]   symbol:   method setTemplateId(java.lang.String)
[ERROR]   location: variable config of type br.dev.ctrls.inovareti.domain.appointment.AppointmentConfig
[ERROR] /C:/Projeto/Inovare-TI/api/src/main/java/br/dev/ctrls/inovareti/domain/appointment/usecase/UpdateAppointmentConfigUseCase.java:[48,9] cannot find symbol
[ERROR]   symbol:   variable log
[ERROR]   location: class br.dev.ctrls.inovareti.domain.appointment.usecase.UpdateAppointmentConfigUseCase
[ERROR] /C:/Projeto/Inovare-TI/api/src/main/java/br/dev/ctrls/inovareti/domain/appointment/usecase/UpdateAppointmentConfigUseCase.java:[55,55] cannot find symbol
[ERROR]   symbol:   method getNudge1WaitHours()
[ERROR]   location: variable appointmentMotorProperties of type br.dev.ctrls.inovareti.domain.appointment.AppointmentMotorProperties
[ERROR] /C:/Projeto/Inovare-TI/api/src/main/java/br/dev/ctrls/inovareti/domain/appointment/usecase/UpdateAppointmentConfigUseCase.java:[56,59] cannot find symbol
[ERROR]   symbol:   method getNudgeFinalWaitHours()
[ERROR]   location: variable appointmentMotorProperties of type br.dev.ctrls.inovareti.domain.appointment.AppointmentMotorProperties
[ERROR] /C:/Projeto/Inovare-TI/api/src/main/java/br/dev/ctrls/inovareti/domain/appointment/usecase/SaveAppointmentTemplateMappingsUseCase.java:[51,25] invalid method reference
[ERROR]   cannot find symbol
[ERROR]     symbol:   method getPlaceholderIndex()
[ERROR]     location: class br.dev.ctrls.inovareti.domain.appointment.AppointmentTemplateMapping
[ERROR] /C:/Projeto/Inovare-TI/api/src/main/java/br/dev/ctrls/inovareti/domain/appointment/usecase/SaveAppointmentTemplateMappingsUseCase.java:[62,33] cannot find symbol
[ERROR]   symbol:   method setTemplateName(java.lang.String)
[ERROR]   location: variable existing of type br.dev.ctrls.inovareti.domain.appointment.AppointmentTemplateMapping
[ERROR] /C:/Projeto/Inovare-TI/api/src/main/java/br/dev/ctrls/inovareti/domain/appointment/usecase/SaveAppointmentTemplateMappingsUseCase.java:[63,33] cannot find symbol
[ERROR]   symbol:   method setFeegowFieldName(java.lang.String)
[ERROR]   location: variable existing of type br.dev.ctrls.inovareti.domain.appointment.AppointmentTemplateMapping
[ERROR] -> [Help 1]
[ERROR] 
[ERROR] To see the full stack trace of the errors, re-run Maven with the -e switch.
[ERROR] Re-run Maven using the -X switch to enable full debug logging.
[ERROR] 
[ERROR] For more information about the errors and possible solutions, please read the following articles:
[ERROR] [Help 1] http://cwiki.apache.org/confluence/display/MAVEN/MojoFailureException
